main.c:136:5:main	8	static
main.c:214:6:SystemClock_Config	216	static
main.c:292:13:MX_ADC3_Init	24	static
main.c:342:13:MX_CRC_Init	8	static
main.c:373:13:MX_DCMI_Init	8	static
main.c:410:13:MX_DMA2D_Init	8	static
main.c:447:13:MX_ETH_Init	16	static
main.c:492:13:MX_I2C1_Init	8	static
main.c:538:13:MX_I2C3_Init	8	static
main.c:584:13:MX_LTDC_Init	64	static
main.c:646:13:MX_QUADSPI_Init	8	static
main.c:681:13:MX_RNG_Init	8	static
main.c:707:13:MX_RTC_Init	80	static
main.c:800:13:MX_SAI2_Init	8	static
main.c:875:13:MX_SDMMC1_SD_Init	8	static
main.c:911:13:MX_SPDIFRX_Init	8	static
main.c:947:13:MX_SPI2_Init	8	static
main.c:987:13:MX_TIM1_Init	112	static
main.c:1067:13:MX_TIM2_Init	64	static
main.c:1126:13:MX_TIM3_Init	64	static
main.c:1185:13:MX_TIM5_Init	64	static
main.c:1244:13:MX_TIM8_Init	40	static
main.c:1291:13:MX_TIM12_Init	40	static
main.c:1333:13:MX_USART1_UART_Init	8	static
main.c:1364:13:MX_FMC_Init	40	static
main.c:1415:13:MX_GPIO_Init	72	static
main.c:1587:1:HAL_GPIO_EXTI_Callback	16	static
main.c:1625:6:HAL_TIM_PeriodElapsedCallback	16	static
main.c:1642:6:Error_Handler	4	static
