main.c:143:5:main	16	static
main.c:311:6:SystemClock_Config	216	static
main.c:389:13:MX_ADC3_Init	24	static
main.c:439:13:MX_CRC_Init	8	static
main.c:470:13:MX_DCMI_Init	8	static
main.c:507:13:MX_DMA2D_Init	8	static
main.c:544:13:MX_ETH_Init	16	static
main.c:589:13:MX_I2C1_Init	8	static
main.c:635:13:MX_I2C3_Init	8	static
main.c:681:13:MX_LTDC_Init	64	static
main.c:743:13:MX_QUADSPI_Init	8	static
main.c:778:13:MX_RNG_Init	8	static
main.c:804:13:MX_RTC_Init	80	static
main.c:897:13:MX_SAI2_Init	8	static
main.c:972:13:MX_SDMMC1_SD_Init	8	static
main.c:1008:13:MX_SPDIFRX_Init	8	static
main.c:1044:13:MX_SPI2_Init	8	static
main.c:1084:13:MX_TIM1_Init	112	static
main.c:1164:13:MX_TIM2_Init	40	static
main.c:1209:13:MX_TIM3_Init	64	static
main.c:1268:13:MX_TIM5_Init	64	static
main.c:1327:13:MX_TIM8_Init	40	static
main.c:1374:13:MX_TIM12_Init	40	static
main.c:1416:13:MX_USART1_UART_Init	8	static
main.c:1447:13:MX_FMC_Init	40	static
main.c:1498:13:MX_GPIO_Init	72	static
main.c:1679:6:HAL_GPIO_EXTI_Callback	24	static
main.c:1738:6:HAL_TIM_PeriodElapsedCallback	16	static
main.c:1755:6:Error_Handler	4	static
