main.c:143:5:main	8	static
main.c:281:6:SystemClock_Config	216	static
main.c:355:13:MX_ADC3_Init	24	static
main.c:402:13:MX_CRC_Init	8	static
main.c:431:13:MX_DCMI_Init	8	static
main.c:466:13:MX_DMA2D_Init	8	static
main.c:500:13:MX_ETH_Init	16	static
main.c:543:13:MX_I2C1_Init	8	static
main.c:585:13:MX_I2C3_Init	8	static
main.c:627:13:MX_LTDC_Init	64	static
main.c:686:13:MX_QUADSPI_Init	8	static
main.c:719:13:MX_RNG_Init	8	static
main.c:743:13:MX_RTC_Init	80	static
main.c:830:13:MX_SAI2_Init	8	static
main.c:902:13:MX_SDMMC1_SD_Init	8	static
main.c:935:13:MX_SPDIFRX_Init	8	static
main.c:969:13:MX_SPI2_Init	8	static
main.c:1007:13:MX_TIM1_Init	112	static
main.c:1080:13:MX_TIM2_Init	64	static
main.c:1133:13:MX_TIM3_Init	64	static
main.c:1186:13:MX_TIM5_Init	64	static
main.c:1239:13:MX_TIM8_Init	40	static
main.c:1282:13:MX_TIM12_Init	40	static
main.c:1321:13:MX_USART1_UART_Init	8	static
main.c:1350:13:MX_FMC_Init	40	static
main.c:1399:13:MX_GPIO_Init	72	static
main.c:1585:1:HAL_GPIO_EXTI_Callback	24	static
main.c:1628:6:HAL_TIM_PeriodElapsedCallback	16	static
main.c:1644:6:Error_Handler	4	static
