stm32f7xx_hal_msp.c:66:6:HAL_MspInit	16	static
stm32f7xx_hal_msp.c:88:6:HAL_ADC_MspInit	48	static
stm32f7xx_hal_msp.c:128:6:HAL_ADC_MspDeInit	16	static
stm32f7xx_hal_msp.c:159:6:HAL_CRC_MspInit	24	static
stm32f7xx_hal_msp.c:181:6:HAL_CRC_MspDeInit	16	static
stm32f7xx_hal_msp.c:203:6:HAL_DCMI_MspInit	64	static
stm32f7xx_hal_msp.c:281:6:HAL_DCMI_MspDeInit	16	static
stm32f7xx_hal_msp.c:328:6:HAL_DMA2D_MspInit	24	static
stm32f7xx_hal_msp.c:353:6:HAL_DMA2D_MspDeInit	16	static
stm32f7xx_hal_msp.c:378:6:HAL_ETH_MspInit	64	static
stm32f7xx_hal_msp.c:437:6:HAL_ETH_MspDeInit	16	static
stm32f7xx_hal_msp.c:477:6:HAL_I2C_MspInit	56	static
stm32f7xx_hal_msp.c:537:6:HAL_I2C_MspDeInit	16	static
stm32f7xx_hal_msp.c:584:6:HAL_LTDC_MspInit	64	static
stm32f7xx_hal_msp.c:685:6:HAL_LTDC_MspDeInit	16	static
stm32f7xx_hal_msp.c:754:6:HAL_QSPI_MspInit	56	static
stm32f7xx_hal_msp.c:817:6:HAL_QSPI_MspDeInit	16	static
stm32f7xx_hal_msp.c:854:6:HAL_RNG_MspInit	24	static
stm32f7xx_hal_msp.c:876:6:HAL_RNG_MspDeInit	16	static
stm32f7xx_hal_msp.c:898:6:HAL_RTC_MspInit	16	static
stm32f7xx_hal_msp.c:920:6:HAL_RTC_MspDeInit	16	static
stm32f7xx_hal_msp.c:942:6:HAL_SD_MspInit	48	static
stm32f7xx_hal_msp.c:991:6:HAL_SD_MspDeInit	16	static
stm32f7xx_hal_msp.c:1027:6:HAL_SPDIFRX_MspInit	48	static
stm32f7xx_hal_msp.c:1062:6:HAL_SPDIFRX_MspDeInit	16	static
stm32f7xx_hal_msp.c:1090:6:HAL_SPI_MspInit	48	static
stm32f7xx_hal_msp.c:1135:6:HAL_SPI_MspDeInit	16	static
stm32f7xx_hal_msp.c:1167:6:HAL_TIM_Base_MspInit	40	static
stm32f7xx_hal_msp.c:1236:6:HAL_TIM_PWM_MspInit	24	static
stm32f7xx_hal_msp.c:1252:6:HAL_TIM_MspPostInit	56	static
stm32f7xx_hal_msp.c:1367:6:HAL_TIM_Base_MspDeInit	16	static
stm32f7xx_hal_msp.c:1436:6:HAL_TIM_PWM_MspDeInit	16	static
stm32f7xx_hal_msp.c:1458:6:HAL_UART_MspInit	48	static
stm32f7xx_hal_msp.c:1502:6:HAL_UART_MspDeInit	16	static
stm32f7xx_hal_msp.c:1529:13:HAL_FMC_MspInit	32	static
stm32f7xx_hal_msp.c:1634:6:HAL_SDRAM_MspInit	16	static
stm32f7xx_hal_msp.c:1646:13:HAL_FMC_MspDeInit	8	static
stm32f7xx_hal_msp.c:1720:6:HAL_SDRAM_MspDeInit	16	static
stm32f7xx_hal_msp.c:1732:6:HAL_SAI_MspInit	48	static
stm32f7xx_hal_msp.c:1782:6:HAL_SAI_MspDeInit	16	static
