stm32f7xx_it.c:75:6:NMI_Handler	4	static
stm32f7xx_it.c:88:6:HardFault_Handler	4	static
stm32f7xx_it.c:103:6:MemManage_Handler	4	static
stm32f7xx_it.c:118:6:BusFault_Handler	4	static
stm32f7xx_it.c:133:6:UsageFault_Handler	4	static
stm32f7xx_it.c:148:6:SVC_Handler	4	static
stm32f7xx_it.c:161:6:DebugMon_Handler	4	static
stm32f7xx_it.c:174:6:PendSV_Handler	4	static
stm32f7xx_it.c:194:6:EXTI9_5_IRQHandler	8	static
stm32f7xx_it.c:209:6:EXTI15_10_IRQHandler	8	static
stm32f7xx_it.c:223:6:TIM8_TRG_COM_TIM14_IRQHandler	8	static
stm32f7xx_it.c:238:6:OTG_FS_IRQHandler	8	static
stm32f7xx_it.c:252:6:LTDC_IRQHandler	8	static
stm32f7xx_it.c:266:6:DMA2D_IRQHandler	8	static
