stm32f7xx_hal_msp.c:66:6:HAL_MspInit	16	static
stm32f7xx_hal_msp.c:88:6:HAL_ADC_MspInit	48	static
stm32f7xx_hal_msp.c:121:6:HAL_ADC_MspDeInit	16	static
stm32f7xx_hal_msp.c:149:6:HAL_CRC_MspInit	24	static
stm32f7xx_hal_msp.c:171:6:HAL_CRC_MspDeInit	16	static
stm32f7xx_hal_msp.c:193:6:HAL_DCMI_MspInit	64	static
stm32f7xx_hal_msp.c:271:6:HAL_DCMI_MspDeInit	16	static
stm32f7xx_hal_msp.c:318:6:HAL_DMA2D_MspInit	24	static
stm32f7xx_hal_msp.c:343:6:HAL_DMA2D_MspDeInit	16	static
stm32f7xx_hal_msp.c:368:6:HAL_ETH_MspInit	64	static
stm32f7xx_hal_msp.c:427:6:HAL_ETH_MspDeInit	16	static
stm32f7xx_hal_msp.c:467:6:HAL_I2C_MspInit	56	static
stm32f7xx_hal_msp.c:527:6:HAL_I2C_MspDeInit	16	static
stm32f7xx_hal_msp.c:574:6:HAL_LTDC_MspInit	64	static
stm32f7xx_hal_msp.c:675:6:HAL_LTDC_MspDeInit	16	static
stm32f7xx_hal_msp.c:744:6:HAL_QSPI_MspInit	56	static
stm32f7xx_hal_msp.c:807:6:HAL_QSPI_MspDeInit	16	static
stm32f7xx_hal_msp.c:844:6:HAL_RNG_MspInit	24	static
stm32f7xx_hal_msp.c:866:6:HAL_RNG_MspDeInit	16	static
stm32f7xx_hal_msp.c:888:6:HAL_RTC_MspInit	16	static
stm32f7xx_hal_msp.c:910:6:HAL_RTC_MspDeInit	16	static
stm32f7xx_hal_msp.c:932:6:HAL_SD_MspInit	48	static
stm32f7xx_hal_msp.c:981:6:HAL_SD_MspDeInit	16	static
stm32f7xx_hal_msp.c:1017:6:HAL_SPDIFRX_MspInit	48	static
stm32f7xx_hal_msp.c:1052:6:HAL_SPDIFRX_MspDeInit	16	static
stm32f7xx_hal_msp.c:1080:6:HAL_SPI_MspInit	48	static
stm32f7xx_hal_msp.c:1125:6:HAL_SPI_MspDeInit	16	static
stm32f7xx_hal_msp.c:1157:6:HAL_TIM_Base_MspInit	40	static
stm32f7xx_hal_msp.c:1226:6:HAL_TIM_PWM_MspInit	24	static
stm32f7xx_hal_msp.c:1242:6:HAL_TIM_MspPostInit	48	static
stm32f7xx_hal_msp.c:1315:6:HAL_TIM_Base_MspDeInit	16	static
stm32f7xx_hal_msp.c:1384:6:HAL_TIM_PWM_MspDeInit	16	static
stm32f7xx_hal_msp.c:1406:6:HAL_UART_MspInit	48	static
stm32f7xx_hal_msp.c:1450:6:HAL_UART_MspDeInit	16	static
stm32f7xx_hal_msp.c:1477:13:HAL_FMC_MspInit	32	static
stm32f7xx_hal_msp.c:1582:6:HAL_SDRAM_MspInit	16	static
stm32f7xx_hal_msp.c:1594:13:HAL_FMC_MspDeInit	8	static
stm32f7xx_hal_msp.c:1668:6:HAL_SDRAM_MspDeInit	16	static
stm32f7xx_hal_msp.c:1680:6:HAL_SAI_MspInit	48	static
stm32f7xx_hal_msp.c:1730:6:HAL_SAI_MspDeInit	16	static
